../Drivers/CMSIS/Include/core_cm3.h:1876:26:ITM_SendChar	16	static,ignoring_inline_asm
../Core/Src/main.c:130:6:PHOTO_Calibrate	40	static
../Core/Src/main.c:186:6:PHOTO_MeasureFrequency	64	static
../Core/Src/main.c:249:13:GPIO_ConfigForSSVEP	24	static
../Core/Src/main.c:258:13:GPIO_ConfigForCVEP	24	static
../Core/Src/main.c:281:6:SSVEP_SelectedKeys	16	static
../Core/Src/main.c:326:6:SSVEP_StartAllKeys	16	static
../Core/Src/main.c:334:6:SSVEP_TestForwardOnly	16	static
../Core/Src/main.c:339:6:SSVEP_TestStopOnly	16	static
../Core/Src/main.c:350:13:MSEQ_Generate	24	static
../Core/Src/main.c:363:6:CVEP_SelectedKeys	16	static
../Core/Src/main.c:377:6:STIM_SetMode	16	static
../Core/Src/main.c:410:6:HAL_TIM_OC_DelayElapsedCallback	16	static
../Core/Src/main.c:452:6:HAL_TIM_PeriodElapsedCallback	24	static
../Core/Src/main.c:474:5:_write	32	static
../Core/Src/main.c:481:5:main	48	static
../Core/Src/main.c:544:6:SystemClock_Config	88	static
../Core/Src/main.c:575:13:MX_ADC1_Init	24	static
../Core/Src/main.c:601:13:MX_ADC2_Init	24	static
../Core/Src/main.c:625:13:MX_TIM2_Init	64	static
../Core/Src/main.c:659:13:MX_TIM3_Init	64	static
../Core/Src/main.c:696:13:MX_TIM4_Init	40	static
../Core/Src/main.c:729:13:MX_USART1_UART_Init	8	static
../Core/Src/main.c:742:13:MX_GPIO_Init	32	static
../Core/Src/main.c:761:6:Error_Handler	4	static,ignoring_inline_asm
