../Drivers/CMSIS/Include/core_cm3.h:1876:26:ITM_SendChar	4
../Core/Src/main.c:130:6:PHOTO_Calibrate	3
../Core/Src/main.c:186:6:PHOTO_MeasureFrequency	10
../Core/Src/main.c:249:13:GPIO_ConfigForSSVEP	1
../Core/Src/main.c:258:13:GPIO_ConfigForCVEP	1
../Core/Src/main.c:281:6:SSVEP_SelectedKeys	6
../Core/Src/main.c:326:6:SSVEP_StartAllKeys	1
../Core/Src/main.c:334:6:SSVEP_TestForwardOnly	1
../Core/Src/main.c:339:6:SSVEP_TestStopOnly	1
../Core/Src/main.c:350:13:MSEQ_Generate	2
../Core/Src/main.c:363:6:CVEP_SelectedKeys	1
../Core/Src/main.c:377:6:STIM_SetMode	2
../Core/Src/main.c:410:6:HAL_TIM_OC_DelayElapsedCallback	8
../Core/Src/main.c:452:6:HAL_TIM_PeriodElapsedCallback	4
../Core/Src/main.c:474:5:_write	2
../Core/Src/main.c:481:5:main	2
../Core/Src/main.c:544:6:SystemClock_Config	4
../Core/Src/main.c:575:13:MX_ADC1_Init	3
../Core/Src/main.c:601:13:MX_ADC2_Init	3
../Core/Src/main.c:625:13:MX_TIM2_Init	9
../Core/Src/main.c:659:13:MX_TIM3_Init	6
../Core/Src/main.c:696:13:MX_TIM4_Init	4
../Core/Src/main.c:729:13:MX_USART1_UART_Init	2
../Core/Src/main.c:742:13:MX_GPIO_Init	1
../Core/Src/main.c:761:6:Error_Handler	1
